battery_pack.c:19:6:BqPack_StructInit	24	static
battery_pack.c:59:6:BqPack_StructUpdate_CurrSensor	16	static
battery_pack.c:65:6:BqPack_RecalculateData	16	static
battery_pack.c:84:6:BqPack_StructUpdate_MSP430	56	static
battery_pack.c:157:9:BqPack_CheckForErrors	112	static
battery_pack.c:192:21:VoltageErrorCheck	16	static
battery_pack.c:200:21:TemperatureErrorCheck	24	static
battery_pack.c:211:21:VoltageDiffErrorCheck	16	static
battery_pack.c:218:6:BqPack_CheckForWarnings	112	static
battery_pack.c:237:9:VoltageWarningCheck	16	static
battery_pack.c:244:9:TemperatureWarningCheck	24	static
battery_pack.c:254:9:VoltageDiffWarningCheck	16	static
battery_pack.c:260:6:SetErrorFlag	8	static
battery_pack.c:266:9:GetErrorFlag	4	static
battery_pack.c:271:6:SetVehicleActiveFlag	16	static
battery_pack.c:276:9:GetVehivleActivveFlag	4	static
