can.c:59:6:MX_CAN_Init	8	static
can.c:99:6:HAL_CAN_MspInit	40	static
can.c:139:6:HAL_CAN_MspDeInit	16	static
can.c:176:6:CanInit	8	static
can.c:192:6:CanSaveReceivedData	8	static
can.c:211:6:CanConfigFilter	8	static
can.c:241:6:CanSendSync	8	static
can.c:267:6:CanSendNmt	8	static
can.c:297:6:CanSendPdo	8	static
can.c:337:6:CanSendSdo	8	static
can.c:373:6:CanClearTxDataFrame	16	static
can.c:391:6:CanClearRxDataFrame	16	static
can.c:407:1:HAL_CAN_RxFifo0MsgPendingCallback	16	static
can.c:415:6:SendCellVoltages1_8	104	static
can.c:428:6:SendCellVoltages9_16	104	static
can.c:440:6:SendCellVoltages17_24	104	static
can.c:452:6:SendCellVoltages25_28	96	static
can.c:464:6:SendTotalVoltageCurrentTemperatures	104	static
can.c:481:6:SendTemperatures	104	static
can.c:494:6:SendGeneralInfo	96	static
can.c:507:6:Decimal2Hex	32	static
