can.c:59:6:MX_CAN_Init	8	static
can.c:99:6:HAL_CAN_MspInit	40	static
can.c:139:6:HAL_CAN_MspDeInit	16	static
can.c:176:6:CanInit	8	static
can.c:192:6:CanSaveReceivedData	8	static
can.c:211:6:CanConfigFilter	8	static
can.c:241:6:CanSendSync	8	static
can.c:267:6:CanSendNmt	8	static
can.c:297:6:CanSendPdo	8	static
can.c:337:6:CanSendSdo	8	static
can.c:373:6:CanClearTxDataFrame	16	static
can.c:391:6:CanClearRxDataFrame	16	static
can.c:408:6:SendCellVoltages1_8	104	static
can.c:421:6:SendCellVoltages9_16	104	static
can.c:433:6:SendCellVoltages17_24	104	static
can.c:445:6:SendCellVoltages25_28	96	static
can.c:457:6:SendTotalVoltageCurrentTemperatures	104	static
can.c:474:6:SendTemperatures	104	static
can.c:487:6:SendGeneralInfo	96	static
can.c:500:6:Decimal2Hex	32	static
