stm32f1xx_it.c:81:6:NMI_Handler	4	static
stm32f1xx_it.c:96:6:HardFault_Handler	4	static
stm32f1xx_it.c:111:6:MemManage_Handler	4	static
stm32f1xx_it.c:126:6:BusFault_Handler	4	static
stm32f1xx_it.c:141:6:UsageFault_Handler	4	static
stm32f1xx_it.c:156:6:SVC_Handler	4	static
stm32f1xx_it.c:169:6:DebugMon_Handler	4	static
stm32f1xx_it.c:182:6:PendSV_Handler	4	static
stm32f1xx_it.c:195:6:SysTick_Handler	8	static
stm32f1xx_it.c:216:6:USB_HP_CAN1_TX_IRQHandler	8	static
stm32f1xx_it.c:230:6:USB_LP_CAN1_RX0_IRQHandler	56	static
stm32f1xx_it.c:249:6:CAN1_RX1_IRQHandler	8	static
stm32f1xx_it.c:264:6:CAN1_SCE_IRQHandler	8	static
stm32f1xx_it.c:278:6:TIM2_IRQHandler	8	static
stm32f1xx_it.c:292:6:USART1_IRQHandler	8	static
